// Jest Snapshot v1, https://goo.gl/fbAQLP

exports[`TransactionList should render matching default styles 1`] = `
<DocumentFragment>
  <ul
    class="transactionList"
  >
    <li>
      1
    </li>
    <li>
      2
    </li>
    <li>
      3
    </li>
  </ul>
</DocumentFragment>
`;
